// Jest Snapshot v1, https://goo.gl/fbAQLP

exports[`app.getPagePoint Converts a page point to a screen point: points1 1`] = `
Array [
  Array [
    100,
    120,
  ],
  Array [
    200,
    500,
  ],
  Array [
    300,
    200,
  ],
  Array [
    -500,
    -1500,
  ],
]
`;

exports[`app.getPagePoint Converts a page point to a screen point: points2 1`] = `
Array [
  Array [
    190,
    209,
  ],
  Array [
    285,
    570,
  ],
  Array [
    380,
    285,
  ],
  Array [
    -380,
    -1330,
  ],
]
`;

exports[`app.getPagePoint Converts a screen point to a page point: points1 1`] = `
Array [
  Array [
    100,
    120,
  ],
  Array [
    200,
    500,
  ],
  Array [
    300,
    200,
  ],
  Array [
    -500,
    -1500,
  ],
]
`;

exports[`app.getPagePoint Converts a screen point to a page point: points2 1`] = `
Array [
  Array [
    5.26315789473685,
    26.31578947368422,
  ],
  Array [
    110.5263157894737,
    426.3157894736843,
  ],
  Array [
    215.78947368421052,
    110.5263157894737,
  ],
  Array [
    -626.3157894736843,
    -1678.9473684210527,
  ],
]
`;
